// Jest Snapshot v1, https://goo.gl/fbAQLP

exports[`PricePlans Screen should render PricePlans Screen correctly 1`] = `
<View
  collapsable={false}
  pointerEvents="box-none"
  style={
    {
      "flex": 1,
    }
  }
>
  <BVLinearGradient
    colors={
      [
        4279320343,
        4278650887,
      ]
    }
    endPoint={
      {
        "x": 0.5,
        "y": 1,
      }
    }
    locations={null}
    startPoint={
      {
        "x": 0.5,
        "y": 0,
      }
    }
    style={
      {
        "height": "100%",
      }
    }
    testID="PricePlansScreenTestID"
  >
    <RCTSafeAreaView
      style={
        {
          "flexBasis": "0%",
          "flexGrow": 1,
          "flexShrink": 1,
        }
      }
    >
      <View
        onLayout={[Function]}
        style={
          [
            {
              "flexBasis": "0%",
              "flexGrow": 1,
              "flexShrink": 1,
            },
            {
              "paddingBottom": 0,
            },
          ]
        }
      >
        <RCTScrollView
          contentContainerStyle={
            {
              "flexGrow": 1,
            }
          }
          keyboardShouldPersistTaps="handled"
        >
          <View>
            <RCTScrollView
              style={
                {
                  "marginTop": 18,
                }
              }
            >
              <View>
                <View
                  style={
                    {
                      "marginBottom": 8,
                      "marginTop": 8,
                    }
                  }
                >
                  <View
                    style={
                      {
                        "marginLeft": 48,
                        "marginRight": 48,
                      }
                    }
                  >
                    <View
                      collapsable={false}
                      style={
                        {
                          "backgroundColor": "transparent",
                          "borderColor": "rgba(0, 0, 0, 0.12)",
                          "borderRadius": 4,
                          "elevation": 0,
                          "shadowColor": "#000",
                          "shadowOffset": {
                            "height": 0,
                            "width": 0,
                          },
                          "shadowOpacity": 0,
                          "shadowRadius": 0,
                        }
                      }
                    >
                      <View
                        accessibilityState={
                          {
                            "busy": undefined,
                            "checked": undefined,
                            "disabled": true,
                            "expanded": undefined,
                            "selected": undefined,
                          }
                        }
                        accessible={true}
                        focusable={false}
                        onClick={[Function]}
                        onResponderGrant={[Function]}
                        onResponderMove={[Function]}
                        onResponderRelease={[Function]}
                        onResponderTerminate={[Function]}
                        onResponderTerminationRequest={[Function]}
                        onStartShouldSetResponder={[Function]}
                        style={
                          {
                            "flexGrow": 1,
                            "flexShrink": 1,
                          }
                        }
                        testID="RNCardSubscriptionCard"
                      >
                        <BVLinearGradient
                          colors={
                            [
                              529465088,
                              496369424,
                              536870911,
                            ]
                          }
                          endPoint={
                            {
                              "x": 0.5,
                              "y": 1,
                            }
                          }
                          index={0}
                          locations={
                            [
                              0,
                              0.0719,
                              1,
                            ]
                          }
                          siblings={[]}
                          startPoint={
                            {
                              "x": 0.5,
                              "y": 0,
                            }
                          }
                          style={
                            {
                              "alignItems": "center",
                              "borderRadius": 12,
                              "flexDirection": "column",
                              "paddingBottom": 16,
                              "paddingLeft": 32,
                              "paddingRight": 32,
                              "paddingTop": 16,
                            }
                          }
                          total={1}
                        >
                          <View
                            style={
                              {
                                "marginTop": 16,
                              }
                            }
                          >
                            <Text
                              style={
                                [
                                  {
                                    "color": "#C0DBBF",
                                    "lineHeight": 40,
                                  },
                                  {
                                    "fontFamily": "SourceSansPro-Regular",
                                    "fontSize": 28,
                                    "fontWeight": "600",
                                    "textAlign": "center",
                                  },
                                ]
                              }
                            >
                              Swinzen Free
                            </Text>
                            <Text
                              style={
                                [
                                  {
                                    "color": "#F8F9FA",
                                    "lineHeight": 24,
                                  },
                                  {
                                    "fontFamily": "SourceSansPro-Regular",
                                    "fontSize": 15,
                                    "fontWeight": "600",
                                    "textAlign": "center",
                                  },
                                ]
                              }
                            >
                              Start your account with a stunning profile & free features
                            </Text>
                          </View>
                          <View
                            style={
                              {
                                "marginTop": 32,
                              }
                            }
                          >
                            <Text
                              style={
                                [
                                  {
                                    "color": "#69AA67",
                                    "lineHeight": 64,
                                  },
                                  {
                                    "fontFamily": "SourceSansPro-Regular",
                                    "fontSize": 48,
                                    "fontWeight": "bold",
                                    "textAlign": "center",
                                  },
                                ]
                              }
                            >
                              $0
                            </Text>
                            <Text
                              style={
                                [
                                  {
                                    "color": "#F8F9FA",
                                    "lineHeight": 24,
                                  },
                                  {
                                    "fontFamily": "SourceSansPro-Regular",
                                    "fontSize": 16,
                                    "fontWeight": "normal",
                                    "textAlign": "center",
                                  },
                                ]
                              }
                            >
                              Absolutely free
                            </Text>
                          </View>
                          <View
                            style={
                              {
                                "marginTop": 32,
                              }
                            }
                          >
                            <View
                              style={
                                {
                                  "alignItems": "flex-start",
                                  "flexDirection": "row",
                                  "gap": 8,
                                }
                              }
                            >
                              <View
                                style={
                                  {
                                    "marginTop": 8,
                                  }
                                }
                              >
                                <SvgMock
                                  height={12}
                                  width={12}
                                />
                              </View>
                              <Text
                                style={
                                  [
                                    {
                                      "color": "#F8F9FA",
                                      "lineHeight": 24,
                                    },
                                    {
                                      "fontFamily": "SourceSansPro-Regular",
                                      "fontSize": 15,
                                      "fontWeight": "600",
                                      "textAlign": "left",
                                    },
                                  ]
                                }
                              >
                                Has ads
                              </Text>
                            </View>
                            <View
                              style={
                                {
                                  "alignItems": "flex-start",
                                  "flexDirection": "row",
                                  "gap": 8,
                                }
                              }
                            >
                              <View
                                style={
                                  {
                                    "marginTop": 8,
                                  }
                                }
                              >
                                <SvgMock
                                  height={12}
                                  width={12}
                                />
                              </View>
                              <Text
                                style={
                                  [
                                    {
                                      "color": "#F8F9FA",
                                      "lineHeight": 24,
                                    },
                                    {
                                      "fontFamily": "SourceSansPro-Regular",
                                      "fontSize": 15,
                                      "fontWeight": "600",
                                      "textAlign": "left",
                                    },
                                  ]
                                }
                              >
                                Only 5 uploads per month
                              </Text>
                            </View>
                            <View
                              style={
                                {
                                  "alignItems": "flex-start",
                                  "flexDirection": "row",
                                  "gap": 8,
                                }
                              }
                            >
                              <View
                                style={
                                  {
                                    "marginTop": 8,
                                  }
                                }
                              >
                                <SvgMock
                                  height={12}
                                  width={12}
                                />
                              </View>
                              <Text
                                style={
                                  [
                                    {
                                      "color": "#F8F9FA",
                                      "lineHeight": 24,
                                    },
                                    {
                                      "fontFamily": "SourceSansPro-Regular",
                                      "fontSize": 15,
                                      "fontWeight": "600",
                                      "textAlign": "left",
                                    },
                                  ]
                                }
                              >
                                Access to the analyzed video   playback and data
                              </Text>
                            </View>
                          </View>
                          <View
                            style={
                              {
                                "marginTop": 32,
                                "width": 200,
                              }
                            }
                          >
                            <View
                              style={
                                {
                                  "flexDirection": "row",
                                }
                              }
                            >
                              <View
                                collapsable={false}
                                onTouchEnd={[Function]}
                                onTouchStart={[Function]}
                                style={
                                  {
                                    "backgroundColor": "#69AA67",
                                    "borderColor": "#ffffff00",
                                    "borderRadius": 10,
                                    "borderStyle": "solid",
                                    "borderWidth": 1,
                                    "elevation": 0,
                                    "justifyContent": "center",
                                    "minWidth": "auto",
                                    "shadowColor": "#000",
                                    "shadowOffset": {
                                      "height": 0,
                                      "width": 0,
                                    },
                                    "shadowOpacity": 0,
                                    "shadowRadius": 0,
                                    "width": "100%",
                                  }
                                }
                              >
                                <View
                                  accessibilityRole="button"
                                  accessibilityState={
                                    {
                                      "disabled": true,
                                    }
                                  }
                                  accessibilityValue={
                                    {
                                      "max": undefined,
                                      "min": undefined,
                                      "now": undefined,
                                      "text": undefined,
                                    }
                                  }
                                  accessible={true}
                                  focusable={false}
                                  onClick={[Function]}
                                  onResponderGrant={[Function]}
                                  onResponderMove={[Function]}
                                  onResponderRelease={[Function]}
                                  onResponderTerminate={[Function]}
                                  onResponderTerminationRequest={[Function]}
                                  onStartShouldSetResponder={[Function]}
                                  style={
                                    [
                                      {
                                        "overflow": "hidden",
                                      },
                                      {
                                        "borderRadius": 10,
                                      },
                                    ]
                                  }
                                >
                                  <View
                                    style={
                                      [
                                        {
                                          "alignItems": "center",
                                          "flexDirection": "row",
                                          "justifyContent": "center",
                                        },
                                        {
                                          "height": 48,
                                        },
                                      ]
                                    }
                                  >
                                    <Text
                                      numberOfLines={1}
                                      selectable={false}
                                      style={
                                        [
                                          {
                                            "color": "#000000",
                                            "fontFamily": "SourceSansPro-Regular",
                                            "fontWeight": "normal",
                                          },
                                          {
                                            "textAlign": "left",
                                          },
                                          [
                                            {
                                              "letterSpacing": 1,
                                              "marginHorizontal": 16,
                                              "marginVertical": 9,
                                              "textAlign": "center",
                                            },
                                            {
                                              "marginHorizontal": 8,
                                            },
                                            false,
                                            {
                                              "color": "#6200ee",
                                              "fontFamily": "SourceSansPro-SemiBold",
                                              "fontWeight": "normal",
                                            },
                                            {
                                              "fontFamily": "SourceSansPro-SemiBold",
                                              "fontWeight": "normal",
                                            },
                                            undefined,
                                          ],
                                        ]
                                      }
                                    >
                                      <Text
                                        style={
                                          [
                                            {
                                              "color": "#F8F9FA",
                                              "lineHeight": 24,
                                            },
                                            {
                                              "fontFamily": "SourceSansPro-SemiBold",
                                              "fontSize": 16,
                                              "fontWeight": "600",
                                              "textAlign": "center",
                                            },
                                          ]
                                        }
                                      >
                                        Get Started
                                      </Text>
                                    </Text>
                                  </View>
                                </View>
                              </View>
                            </View>
                          </View>
                        </BVLinearGradient>
                      </View>
                    </View>
                  </View>
                </View>
                <View
                  style={
                    {
                      "marginBottom": 8,
                      "marginTop": 8,
                    }
                  }
                >
                  <View
                    style={
                      {
                        "marginLeft": 48,
                        "marginRight": 48,
                      }
                    }
                  >
                    <View
                      collapsable={false}
                      style={
                        {
                          "backgroundColor": "transparent",
                          "borderColor": "rgba(0, 0, 0, 0.12)",
                          "borderRadius": 4,
                          "elevation": 0,
                          "shadowColor": "#000",
                          "shadowOffset": {
                            "height": 0,
                            "width": 0,
                          },
                          "shadowOpacity": 0,
                          "shadowRadius": 0,
                        }
                      }
                    >
                      <View
                        accessibilityState={
                          {
                            "busy": undefined,
                            "checked": undefined,
                            "disabled": true,
                            "expanded": undefined,
                            "selected": undefined,
                          }
                        }
                        accessible={true}
                        focusable={false}
                        onClick={[Function]}
                        onResponderGrant={[Function]}
                        onResponderMove={[Function]}
                        onResponderRelease={[Function]}
                        onResponderTerminate={[Function]}
                        onResponderTerminationRequest={[Function]}
                        onStartShouldSetResponder={[Function]}
                        style={
                          {
                            "flexGrow": 1,
                            "flexShrink": 1,
                          }
                        }
                        testID="RNCardSubscriptionCard"
                      >
                        <BVLinearGradient
                          colors={
                            [
                              529465088,
                              496369424,
                              536870911,
                            ]
                          }
                          endPoint={
                            {
                              "x": 0.5,
                              "y": 1,
                            }
                          }
                          index={0}
                          locations={
                            [
                              0,
                              0.0719,
                              1,
                            ]
                          }
                          siblings={[]}
                          startPoint={
                            {
                              "x": 0.5,
                              "y": 0,
                            }
                          }
                          style={
                            {
                              "alignItems": "center",
                              "borderColor": "#ADB5BD",
                              "borderRadius": 12,
                              "borderWidth": 2,
                              "flexDirection": "column",
                              "paddingBottom": 16,
                              "paddingLeft": 32,
                              "paddingRight": 32,
                              "paddingTop": 16,
                            }
                          }
                          total={1}
                        >
                          <View
                            style={
                              {
                                "marginTop": 16,
                              }
                            }
                          >
                            <Text
                              style={
                                [
                                  {
                                    "color": "#C0DBBF",
                                    "lineHeight": 40,
                                  },
                                  {
                                    "fontFamily": "SourceSansPro-Regular",
                                    "fontSize": 28,
                                    "fontWeight": "600",
                                    "textAlign": "center",
                                  },
                                ]
                              }
                            >
                              Monthly Plan
                            </Text>
                            <Text
                              style={
                                [
                                  {
                                    "color": "#F8F9FA",
                                    "lineHeight": 24,
                                  },
                                  {
                                    "fontFamily": "SourceSansPro-Regular",
                                    "fontSize": 15,
                                    "fontWeight": "600",
                                    "textAlign": "center",
                                  },
                                ]
                              }
                            >
                              Start your account with pro features and analyzing activities
                            </Text>
                          </View>
                          <View
                            style={
                              {
                                "marginTop": 32,
                              }
                            }
                          >
                            <Text
                              style={
                                [
                                  {
                                    "color": "#69AA67",
                                    "lineHeight": 64,
                                  },
                                  {
                                    "fontFamily": "SourceSansPro-Regular",
                                    "fontSize": 48,
                                    "fontWeight": "bold",
                                    "textAlign": "center",
                                  },
                                ]
                              }
                            >
                              $9.99
                            </Text>
                            <Text
                              style={
                                [
                                  {
                                    "color": "#F8F9FA",
                                    "lineHeight": 24,
                                  },
                                  {
                                    "fontFamily": "SourceSansPro-Regular",
                                    "fontSize": 16,
                                    "fontWeight": "normal",
                                    "textAlign": "center",
                                  },
                                ]
                              }
                            >
                              Paid monthly
                            </Text>
                          </View>
                          <View
                            style={
                              {
                                "marginTop": 32,
                              }
                            }
                          >
                            <View
                              style={
                                {
                                  "alignItems": "flex-start",
                                  "flexDirection": "row",
                                  "gap": 8,
                                }
                              }
                            >
                              <View
                                style={
                                  {
                                    "marginTop": 8,
                                  }
                                }
                              >
                                <SvgMock
                                  height={12}
                                  width={12}
                                />
                              </View>
                              <Text
                                style={
                                  [
                                    {
                                      "color": "#F8F9FA",
                                      "lineHeight": 24,
                                    },
                                    {
                                      "fontFamily": "SourceSansPro-Regular",
                                      "fontSize": 15,
                                      "fontWeight": "600",
                                      "textAlign": "left",
                                    },
                                  ]
                                }
                              >
                                Unlimited video upload
                              </Text>
                            </View>
                            <View
                              style={
                                {
                                  "alignItems": "flex-start",
                                  "flexDirection": "row",
                                  "gap": 8,
                                }
                              }
                            >
                              <View
                                style={
                                  {
                                    "marginTop": 8,
                                  }
                                }
                              >
                                <SvgMock
                                  height={12}
                                  width={12}
                                />
                              </View>
                              <Text
                                style={
                                  [
                                    {
                                      "color": "#F8F9FA",
                                      "lineHeight": 24,
                                    },
                                    {
                                      "fontFamily": "SourceSansPro-Regular",
                                      "fontSize": 15,
                                      "fontWeight": "600",
                                      "textAlign": "left",
                                    },
                                  ]
                                }
                              >
                                analysis and playback
                              </Text>
                            </View>
                            <View
                              style={
                                {
                                  "alignItems": "flex-start",
                                  "flexDirection": "row",
                                  "gap": 8,
                                }
                              }
                            >
                              <View
                                style={
                                  {
                                    "marginTop": 8,
                                  }
                                }
                              >
                                <SvgMock
                                  height={12}
                                  width={12}
                                />
                              </View>
                              <Text
                                style={
                                  [
                                    {
                                      "color": "#F8F9FA",
                                      "lineHeight": 24,
                                    },
                                    {
                                      "fontFamily": "SourceSansPro-Regular",
                                      "fontSize": 15,
                                      "fontWeight": "600",
                                      "textAlign": "left",
                                    },
                                  ]
                                }
                              >
                                Store uploaded Video for 30 days
                              </Text>
                            </View>
                          </View>
                          <View
                            style={
                              {
                                "marginTop": 32,
                                "width": 200,
                              }
                            }
                          >
                            <View
                              style={
                                {
                                  "flexDirection": "row",
                                }
                              }
                            >
                              <View
                                collapsable={false}
                                onTouchEnd={[Function]}
                                onTouchStart={[Function]}
                                style={
                                  {
                                    "backgroundColor": "#69AA67",
                                    "borderColor": "#ffffff00",
                                    "borderRadius": 10,
                                    "borderStyle": "solid",
                                    "borderWidth": 1,
                                    "elevation": 0,
                                    "justifyContent": "center",
                                    "minWidth": "auto",
                                    "shadowColor": "#000",
                                    "shadowOffset": {
                                      "height": 0,
                                      "width": 0,
                                    },
                                    "shadowOpacity": 0,
                                    "shadowRadius": 0,
                                    "width": "100%",
                                  }
                                }
                              >
                                <View
                                  accessibilityRole="button"
                                  accessibilityState={
                                    {
                                      "disabled": true,
                                    }
                                  }
                                  accessibilityValue={
                                    {
                                      "max": undefined,
                                      "min": undefined,
                                      "now": undefined,
                                      "text": undefined,
                                    }
                                  }
                                  accessible={true}
                                  focusable={false}
                                  onClick={[Function]}
                                  onResponderGrant={[Function]}
                                  onResponderMove={[Function]}
                                  onResponderRelease={[Function]}
                                  onResponderTerminate={[Function]}
                                  onResponderTerminationRequest={[Function]}
                                  onStartShouldSetResponder={[Function]}
                                  style={
                                    [
                                      {
                                        "overflow": "hidden",
                                      },
                                      {
                                        "borderRadius": 10,
                                      },
                                    ]
                                  }
                                >
                                  <View
                                    style={
                                      [
                                        {
                                          "alignItems": "center",
                                          "flexDirection": "row",
                                          "justifyContent": "center",
                                        },
                                        {
                                          "height": 48,
                                        },
                                      ]
                                    }
                                  >
                                    <Text
                                      numberOfLines={1}
                                      selectable={false}
                                      style={
                                        [
                                          {
                                            "color": "#000000",
                                            "fontFamily": "SourceSansPro-Regular",
                                            "fontWeight": "normal",
                                          },
                                          {
                                            "textAlign": "left",
                                          },
                                          [
                                            {
                                              "letterSpacing": 1,
                                              "marginHorizontal": 16,
                                              "marginVertical": 9,
                                              "textAlign": "center",
                                            },
                                            {
                                              "marginHorizontal": 8,
                                            },
                                            false,
                                            {
                                              "color": "#6200ee",
                                              "fontFamily": "SourceSansPro-SemiBold",
                                              "fontWeight": "normal",
                                            },
                                            {
                                              "fontFamily": "SourceSansPro-SemiBold",
                                              "fontWeight": "normal",
                                            },
                                            undefined,
                                          ],
                                        ]
                                      }
                                    >
                                      <Text
                                        style={
                                          [
                                            {
                                              "color": "#F8F9FA",
                                              "lineHeight": 24,
                                            },
                                            {
                                              "fontFamily": "SourceSansPro-SemiBold",
                                              "fontSize": 16,
                                              "fontWeight": "600",
                                              "textAlign": "center",
                                            },
                                          ]
                                        }
                                      >
                                        Get Started
                                      </Text>
                                    </Text>
                                  </View>
                                </View>
                              </View>
                            </View>
                          </View>
                        </BVLinearGradient>
                      </View>
                    </View>
                  </View>
                </View>
                <View
                  style={
                    {
                      "marginBottom": 8,
                      "marginTop": 8,
                    }
                  }
                >
                  <View
                    style={
                      {
                        "marginLeft": 48,
                        "marginRight": 48,
                      }
                    }
                  >
                    <View
                      collapsable={false}
                      style={
                        {
                          "backgroundColor": "transparent",
                          "borderColor": "rgba(0, 0, 0, 0.12)",
                          "borderRadius": 4,
                          "elevation": 0,
                          "shadowColor": "#000",
                          "shadowOffset": {
                            "height": 0,
                            "width": 0,
                          },
                          "shadowOpacity": 0,
                          "shadowRadius": 0,
                        }
                      }
                    >
                      <View
                        accessibilityState={
                          {
                            "busy": undefined,
                            "checked": undefined,
                            "disabled": true,
                            "expanded": undefined,
                            "selected": undefined,
                          }
                        }
                        accessible={true}
                        focusable={false}
                        onClick={[Function]}
                        onResponderGrant={[Function]}
                        onResponderMove={[Function]}
                        onResponderRelease={[Function]}
                        onResponderTerminate={[Function]}
                        onResponderTerminationRequest={[Function]}
                        onStartShouldSetResponder={[Function]}
                        style={
                          {
                            "flexGrow": 1,
                            "flexShrink": 1,
                          }
                        }
                        testID="RNCardSubscriptionCard"
                      >
                        <BVLinearGradient
                          colors={
                            [
                              529465088,
                              496369424,
                              536870911,
                            ]
                          }
                          endPoint={
                            {
                              "x": 0.5,
                              "y": 1,
                            }
                          }
                          index={0}
                          locations={
                            [
                              0,
                              0.0719,
                              1,
                            ]
                          }
                          siblings={[]}
                          startPoint={
                            {
                              "x": 0.5,
                              "y": 0,
                            }
                          }
                          style={
                            {
                              "alignItems": "center",
                              "borderRadius": 12,
                              "flexDirection": "column",
                              "paddingBottom": 16,
                              "paddingLeft": 32,
                              "paddingRight": 32,
                              "paddingTop": 16,
                            }
                          }
                          total={1}
                        >
                          <View
                            style={
                              {
                                "marginTop": 16,
                              }
                            }
                          >
                            <Text
                              style={
                                [
                                  {
                                    "color": "#C0DBBF",
                                    "lineHeight": 40,
                                  },
                                  {
                                    "fontFamily": "SourceSansPro-Regular",
                                    "fontSize": 28,
                                    "fontWeight": "600",
                                    "textAlign": "center",
                                  },
                                ]
                              }
                            >
                              Annual Plan
                            </Text>
                            <Text
                              style={
                                [
                                  {
                                    "color": "#F8F9FA",
                                    "lineHeight": 24,
                                  },
                                  {
                                    "fontFamily": "SourceSansPro-Regular",
                                    "fontSize": 15,
                                    "fontWeight": "600",
                                    "textAlign": "center",
                                  },
                                ]
                              }
                            >
                              Start your account with pro features and analyzing activities
                            </Text>
                          </View>
                          <View
                            style={
                              {
                                "marginTop": 32,
                              }
                            }
                          >
                            <Text
                              style={
                                [
                                  {
                                    "color": "#69AA67",
                                    "lineHeight": 64,
                                  },
                                  {
                                    "fontFamily": "SourceSansPro-Regular",
                                    "fontSize": 48,
                                    "fontWeight": "bold",
                                    "textAlign": "center",
                                  },
                                ]
                              }
                            >
                              $99.99
                            </Text>
                            <Text
                              style={
                                [
                                  {
                                    "color": "#F8F9FA",
                                    "lineHeight": 24,
                                  },
                                  {
                                    "fontFamily": "SourceSansPro-Regular",
                                    "fontSize": 16,
                                    "fontWeight": "normal",
                                    "textAlign": "center",
                                  },
                                ]
                              }
                            >
                              per month, paid annually
                            </Text>
                          </View>
                          <View
                            style={
                              {
                                "marginTop": 32,
                              }
                            }
                          >
                            <View
                              style={
                                {
                                  "alignItems": "flex-start",
                                  "flexDirection": "row",
                                  "gap": 8,
                                }
                              }
                            >
                              <View
                                style={
                                  {
                                    "marginTop": 8,
                                  }
                                }
                              >
                                <SvgMock
                                  height={12}
                                  width={12}
                                />
                              </View>
                              <Text
                                style={
                                  [
                                    {
                                      "color": "#F8F9FA",
                                      "lineHeight": 24,
                                    },
                                    {
                                      "fontFamily": "SourceSansPro-Regular",
                                      "fontSize": 15,
                                      "fontWeight": "600",
                                      "textAlign": "left",
                                    },
                                  ]
                                }
                              >
                                Unlimited video upload
                              </Text>
                            </View>
                            <View
                              style={
                                {
                                  "alignItems": "flex-start",
                                  "flexDirection": "row",
                                  "gap": 8,
                                }
                              }
                            >
                              <View
                                style={
                                  {
                                    "marginTop": 8,
                                  }
                                }
                              >
                                <SvgMock
                                  height={12}
                                  width={12}
                                />
                              </View>
                              <Text
                                style={
                                  [
                                    {
                                      "color": "#F8F9FA",
                                      "lineHeight": 24,
                                    },
                                    {
                                      "fontFamily": "SourceSansPro-Regular",
                                      "fontSize": 15,
                                      "fontWeight": "600",
                                      "textAlign": "left",
                                    },
                                  ]
                                }
                              >
                                video analysis and playback
                              </Text>
                            </View>
                            <View
                              style={
                                {
                                  "alignItems": "flex-start",
                                  "flexDirection": "row",
                                  "gap": 8,
                                }
                              }
                            >
                              <View
                                style={
                                  {
                                    "marginTop": 8,
                                  }
                                }
                              >
                                <SvgMock
                                  height={12}
                                  width={12}
                                />
                              </View>
                              <Text
                                style={
                                  [
                                    {
                                      "color": "#F8F9FA",
                                      "lineHeight": 24,
                                    },
                                    {
                                      "fontFamily": "SourceSansPro-Regular",
                                      "fontSize": 15,
                                      "fontWeight": "600",
                                      "textAlign": "left",
                                    },
                                  ]
                                }
                              >
                                store uploaded Video for 365 days
                              </Text>
                            </View>
                          </View>
                          <View
                            style={
                              {
                                "marginTop": 32,
                                "width": 200,
                              }
                            }
                          >
                            <View
                              style={
                                {
                                  "flexDirection": "row",
                                }
                              }
                            >
                              <View
                                collapsable={false}
                                onTouchEnd={[Function]}
                                onTouchStart={[Function]}
                                style={
                                  {
                                    "backgroundColor": "#69AA67",
                                    "borderColor": "#ffffff00",
                                    "borderRadius": 10,
                                    "borderStyle": "solid",
                                    "borderWidth": 1,
                                    "elevation": 0,
                                    "justifyContent": "center",
                                    "minWidth": "auto",
                                    "shadowColor": "#000",
                                    "shadowOffset": {
                                      "height": 0,
                                      "width": 0,
                                    },
                                    "shadowOpacity": 0,
                                    "shadowRadius": 0,
                                    "width": "100%",
                                  }
                                }
                              >
                                <View
                                  accessibilityRole="button"
                                  accessibilityState={
                                    {
                                      "disabled": true,
                                    }
                                  }
                                  accessibilityValue={
                                    {
                                      "max": undefined,
                                      "min": undefined,
                                      "now": undefined,
                                      "text": undefined,
                                    }
                                  }
                                  accessible={true}
                                  focusable={false}
                                  onClick={[Function]}
                                  onResponderGrant={[Function]}
                                  onResponderMove={[Function]}
                                  onResponderRelease={[Function]}
                                  onResponderTerminate={[Function]}
                                  onResponderTerminationRequest={[Function]}
                                  onStartShouldSetResponder={[Function]}
                                  style={
                                    [
                                      {
                                        "overflow": "hidden",
                                      },
                                      {
                                        "borderRadius": 10,
                                      },
                                    ]
                                  }
                                >
                                  <View
                                    style={
                                      [
                                        {
                                          "alignItems": "center",
                                          "flexDirection": "row",
                                          "justifyContent": "center",
                                        },
                                        {
                                          "height": 48,
                                        },
                                      ]
                                    }
                                  >
                                    <Text
                                      numberOfLines={1}
                                      selectable={false}
                                      style={
                                        [
                                          {
                                            "color": "#000000",
                                            "fontFamily": "SourceSansPro-Regular",
                                            "fontWeight": "normal",
                                          },
                                          {
                                            "textAlign": "left",
                                          },
                                          [
                                            {
                                              "letterSpacing": 1,
                                              "marginHorizontal": 16,
                                              "marginVertical": 9,
                                              "textAlign": "center",
                                            },
                                            {
                                              "marginHorizontal": 8,
                                            },
                                            false,
                                            {
                                              "color": "#6200ee",
                                              "fontFamily": "SourceSansPro-SemiBold",
                                              "fontWeight": "normal",
                                            },
                                            {
                                              "fontFamily": "SourceSansPro-SemiBold",
                                              "fontWeight": "normal",
                                            },
                                            undefined,
                                          ],
                                        ]
                                      }
                                    >
                                      <Text
                                        style={
                                          [
                                            {
                                              "color": "#F8F9FA",
                                              "lineHeight": 24,
                                            },
                                            {
                                              "fontFamily": "SourceSansPro-SemiBold",
                                              "fontSize": 16,
                                              "fontWeight": "600",
                                              "textAlign": "center",
                                            },
                                          ]
                                        }
                                      >
                                        Get Started
                                      </Text>
                                    </Text>
                                  </View>
                                </View>
                              </View>
                            </View>
                          </View>
                        </BVLinearGradient>
                      </View>
                    </View>
                  </View>
                </View>
              </View>
            </RCTScrollView>
          </View>
        </RCTScrollView>
      </View>
    </RCTSafeAreaView>
  </BVLinearGradient>
</View>
`;
