// Jest Snapshot v1, https://goo.gl/fbAQLP

exports[`About Us Screen Screen should render About Us Screen correctly 1`] = `
<BVLinearGradient
  colors={
    [
      4279917603,
      4278984207,
      4278650631,
    ]
  }
  endPoint={
    {
      "x": 0.5,
      "y": 1,
    }
  }
  locations={null}
  startPoint={
    {
      "x": 0.5,
      "y": 0,
    }
  }
  style={
    {
      "flexBasis": "0%",
      "flexGrow": 1,
      "flexShrink": 1,
      "position": "relative",
    }
  }
  testID="AboutUsScreenTestID"
>
  <Image
    resizeMode="repeat"
    source={
      {
        "testUri": "../../../src/assets/images/grassBackground.jpg",
      }
    }
    style={
      {
        "flexBasis": "0%",
        "flexGrow": 1,
        "flexShrink": 1,
        "opacity": 0.1,
      }
    }
  />
  <RCTSafeAreaView
    style={
      {
        "height": "100%",
        "paddingTop": 50,
        "position": "absolute",
      }
    }
  >
    <View
      onLayout={[Function]}
      style={
        [
          {
            "flexBasis": "0%",
            "flexGrow": 1,
            "flexShrink": 1,
          },
          {
            "paddingBottom": 0,
          },
        ]
      }
    >
      <RCTScrollView
        contentContainerStyle={
          {
            "flexGrow": 1,
          }
        }
        keyboardShouldPersistTaps="handled"
      >
        <View>
          <View
            style={
              {
                "backgroundColor": "rgba(7, 7, 7, 0.46)",
                "borderRadius": 10,
                "flexBasis": "0%",
                "flexGrow": 1,
                "flexShrink": 1,
                "marginBottom": 96,
                "marginLeft": 16,
                "marginRight": 16,
                "marginTop": 25,
                "paddingBottom": 24,
                "paddingLeft": 24,
                "paddingRight": 24,
                "paddingTop": 24,
              }
            }
          >
            <Text
              style={
                [
                  {
                    "color": "#F8F9FA",
                    "lineHeight": 24,
                  },
                  {
                    "fontFamily": "SourceSansPro-Regular",
                    "fontSize": 16,
                    "fontWeight": "normal",
                    "textAlign": "auto",
                  },
                ]
              }
            >
              SwingZen is a new app technology utilizing a cutting-edge biomechanical feedback analytics system to track the range of motion of a golfer’s body, club, and swing dynamics from any smartphone. No expensive doppler or sensors needed!
            </Text>
            <View
              style={
                {
                  "flexDirection": "row",
                  "gap": 8,
                  "marginLeft": 12,
                  "marginTop": 16,
                }
              }
            >
              <Text
                style={
                  [
                    {
                      "color": "#F8F9FA",
                      "lineHeight": 24,
                    },
                    {
                      "fontFamily": "SourceSansPro-Regular",
                      "fontSize": 16,
                      "fontWeight": "normal",
                      "textAlign": "auto",
                    },
                  ]
                }
              >
                •
              </Text>
              <Text
                style={
                  [
                    {
                      "color": "#F8F9FA",
                      "lineHeight": 24,
                    },
                    {
                      "fontFamily": "SourceSansPro-Regular",
                      "fontSize": 16,
                      "fontWeight": "normal",
                      "textAlign": "auto",
                    },
                  ]
                }
              >
                Utilizes cutting edge biomechanical feedback system.
              </Text>
            </View>
            <View
              style={
                {
                  "flexDirection": "row",
                  "gap": 8,
                  "marginLeft": 12,
                  "marginTop": 16,
                }
              }
            >
              <Text
                style={
                  [
                    {
                      "color": "#F8F9FA",
                      "lineHeight": 24,
                    },
                    {
                      "fontFamily": "SourceSansPro-Regular",
                      "fontSize": 16,
                      "fontWeight": "normal",
                      "textAlign": "auto",
                    },
                  ]
                }
              >
                •
              </Text>
              <Text
                style={
                  [
                    {
                      "color": "#F8F9FA",
                      "lineHeight": 24,
                    },
                    {
                      "fontFamily": "SourceSansPro-Regular",
                      "fontSize": 16,
                      "fontWeight": "normal",
                      "textAlign": "auto",
                    },
                  ]
                }
              >
                Tracks up to 20 points of body and club for quick frame by frame review.
              </Text>
            </View>
            <View
              style={
                {
                  "flexDirection": "row",
                  "gap": 8,
                  "marginLeft": 12,
                  "marginTop": 16,
                }
              }
            >
              <Text
                style={
                  [
                    {
                      "color": "#F8F9FA",
                      "lineHeight": 24,
                    },
                    {
                      "fontFamily": "SourceSansPro-Regular",
                      "fontSize": 16,
                      "fontWeight": "normal",
                      "textAlign": "auto",
                    },
                  ]
                }
              >
                •
              </Text>
              <Text
                style={
                  [
                    {
                      "color": "#F8F9FA",
                      "lineHeight": 24,
                    },
                    {
                      "fontFamily": "SourceSansPro-Regular",
                      "fontSize": 16,
                      "fontWeight": "normal",
                      "textAlign": "auto",
                    },
                  ]
                }
              >
                Delivers data points to your analyzed video such as angles and point movement during swing.
              </Text>
            </View>
            <View
              style={
                {
                  "flexDirection": "row",
                  "gap": 8,
                  "marginLeft": 12,
                  "marginTop": 16,
                }
              }
            >
              <Text
                style={
                  [
                    {
                      "color": "#F8F9FA",
                      "lineHeight": 24,
                    },
                    {
                      "fontFamily": "SourceSansPro-Regular",
                      "fontSize": 16,
                      "fontWeight": "normal",
                      "textAlign": "auto",
                    },
                  ]
                }
              >
                •
              </Text>
              <Text
                style={
                  [
                    {
                      "color": "#F8F9FA",
                      "lineHeight": 24,
                    },
                    {
                      "fontFamily": "SourceSansPro-Regular",
                      "fontSize": 16,
                      "fontWeight": "normal",
                      "textAlign": "auto",
                    },
                  ]
                }
              >
                Requires no expensive sensors or doppler system. Only your smartphone.
              </Text>
            </View>
            <View
              style={
                {
                  "flexDirection": "row",
                  "gap": 8,
                  "marginLeft": 12,
                  "marginTop": 16,
                }
              }
            >
              <Text
                style={
                  [
                    {
                      "color": "#F8F9FA",
                      "lineHeight": 24,
                    },
                    {
                      "fontFamily": "SourceSansPro-Regular",
                      "fontSize": 16,
                      "fontWeight": "normal",
                      "textAlign": "auto",
                    },
                  ]
                }
              >
                •
              </Text>
              <Text
                style={
                  [
                    {
                      "color": "#F8F9FA",
                      "lineHeight": 24,
                    },
                    {
                      "fontFamily": "SourceSansPro-Regular",
                      "fontSize": 16,
                      "fontWeight": "normal",
                      "textAlign": "auto",
                    },
                  ]
                }
              >
                Delivers exclusive video and swing fault instruction content under the Instruction tab.
              </Text>
            </View>
            <View
              style={
                {
                  "flexDirection": "row",
                  "gap": 8,
                  "marginLeft": 12,
                  "marginTop": 16,
                }
              }
            >
              <Text
                style={
                  [
                    {
                      "color": "#F8F9FA",
                      "lineHeight": 24,
                    },
                    {
                      "fontFamily": "SourceSansPro-Regular",
                      "fontSize": 16,
                      "fontWeight": "normal",
                      "textAlign": "auto",
                    },
                  ]
                }
              >
                •
              </Text>
              <Text
                style={
                  [
                    {
                      "color": "#F8F9FA",
                      "lineHeight": 24,
                    },
                    {
                      "fontFamily": "SourceSansPro-Regular",
                      "fontSize": 16,
                      "fontWeight": "normal",
                      "textAlign": "auto",
                    },
                  ]
                }
              >
                If desired, you can work with an instructor or coach that will have instant access to your information through their instructors.
              </Text>
            </View>
          </View>
        </View>
      </RCTScrollView>
    </View>
  </RCTSafeAreaView>
</BVLinearGradient>
`;
