// Jest Snapshot v1, https://goo.gl/fbAQLP

exports[`SelectableGrid Component should render SelectableGrid component correctly 1`] = `
<View
  style={
    {
      "flexDirection": "row",
      "flexWrap": "wrap",
      "gap": 8,
      "justifyContent": "space-between",
    }
  }
  testID="SelectableGridTestID"
>
  <View
    accessibilityState={
      {
        "busy": undefined,
        "checked": undefined,
        "disabled": undefined,
        "expanded": undefined,
        "selected": undefined,
      }
    }
    accessibilityValue={
      {
        "max": undefined,
        "min": undefined,
        "now": undefined,
        "text": undefined,
      }
    }
    accessible={true}
    collapsable={false}
    focusable={true}
    onBlur={[Function]}
    onClick={[Function]}
    onFocus={[Function]}
    onResponderGrant={[Function]}
    onResponderMove={[Function]}
    onResponderRelease={[Function]}
    onResponderTerminate={[Function]}
    onResponderTerminationRequest={[Function]}
    onStartShouldSetResponder={[Function]}
    style={
      {
        "backgroundColor": "#A2FD2F",
        "borderRadius": 8,
        "color": "#070707",
        "flexGrow": 1,
        "height": 36,
        "justifyContent": "center",
        "width": 110,
      }
    }
    testID="grid-option"
  >
    <Text
      style={
        [
          {
            "color": "#070707",
            "lineHeight": 24,
          },
          {
            "fontFamily": "SourceSansPro-SemiBold",
            "fontSize": 16,
            "fontWeight": "600",
            "textAlign": "center",
          },
        ]
      }
    >
      Option 1
    </Text>
  </View>
  <View
    accessibilityState={
      {
        "busy": undefined,
        "checked": undefined,
        "disabled": undefined,
        "expanded": undefined,
        "selected": undefined,
      }
    }
    accessibilityValue={
      {
        "max": undefined,
        "min": undefined,
        "now": undefined,
        "text": undefined,
      }
    }
    accessible={true}
    collapsable={false}
    focusable={true}
    onBlur={[Function]}
    onClick={[Function]}
    onFocus={[Function]}
    onResponderGrant={[Function]}
    onResponderMove={[Function]}
    onResponderRelease={[Function]}
    onResponderTerminate={[Function]}
    onResponderTerminationRequest={[Function]}
    onStartShouldSetResponder={[Function]}
    style={
      {
        "backgroundColor": "#000000",
        "borderRadius": 8,
        "color": "#495057",
        "flexGrow": 1,
        "height": 36,
        "justifyContent": "center",
        "width": 110,
      }
    }
    testID="grid-option"
  >
    <Text
      style={
        [
          {
            "color": "#495057",
            "lineHeight": 24,
          },
          {
            "fontFamily": "SourceSansPro-SemiBold",
            "fontSize": 16,
            "fontWeight": "600",
            "textAlign": "center",
          },
        ]
      }
    >
      Option 2
    </Text>
  </View>
  <View
    accessibilityState={
      {
        "busy": undefined,
        "checked": undefined,
        "disabled": undefined,
        "expanded": undefined,
        "selected": undefined,
      }
    }
    accessibilityValue={
      {
        "max": undefined,
        "min": undefined,
        "now": undefined,
        "text": undefined,
      }
    }
    accessible={true}
    collapsable={false}
    focusable={true}
    onBlur={[Function]}
    onClick={[Function]}
    onFocus={[Function]}
    onResponderGrant={[Function]}
    onResponderMove={[Function]}
    onResponderRelease={[Function]}
    onResponderTerminate={[Function]}
    onResponderTerminationRequest={[Function]}
    onStartShouldSetResponder={[Function]}
    style={
      {
        "backgroundColor": "#000000",
        "borderRadius": 8,
        "color": "#495057",
        "flexGrow": 1,
        "height": 36,
        "justifyContent": "center",
        "width": 110,
      }
    }
    testID="grid-option"
  >
    <Text
      style={
        [
          {
            "color": "#495057",
            "lineHeight": 24,
          },
          {
            "fontFamily": "SourceSansPro-SemiBold",
            "fontSize": 16,
            "fontWeight": "600",
            "textAlign": "center",
          },
        ]
      }
    >
      Option 3
    </Text>
  </View>
</View>
`;
