// Jest Snapshot v1, https://goo.gl/fbAQLP

exports[`ContactUs Screen should render ContactUsScreen correctly 1`] = `
<View
  collapsable={false}
  pointerEvents="box-none"
  style={
    {
      "flex": 1,
    }
  }
>
  <BVLinearGradient
    colors={
      [
        4279917603,
        4278984207,
        4278650631,
      ]
    }
    endPoint={
      {
        "x": 0.5,
        "y": 1,
      }
    }
    locations={null}
    startPoint={
      {
        "x": 0.5,
        "y": 0,
      }
    }
    style={
      {
        "flexBasis": "0%",
        "flexGrow": 1,
        "flexShrink": 1,
        "position": "relative",
      }
    }
    testID="ContactUsScreenTestID"
  >
    <Image
      resizeMode="cover"
      source={
        {
          "testUri": "../../../src/assets/images/grassBackground.jpg",
        }
      }
      style={
        {
          "opacity": 0.1,
          "position": "absolute",
        }
      }
    />
    <RCTSafeAreaView
      style={
        {
          "height": "100%",
          "paddingTop": 50,
        }
      }
    >
      <View
        onLayout={[Function]}
        style={
          [
            {
              "flexBasis": "0%",
              "flexGrow": 1,
              "flexShrink": 1,
            },
            {
              "paddingBottom": 0,
            },
          ]
        }
      >
        <RCTScrollView
          contentContainerStyle={
            {
              "flexGrow": 1,
            }
          }
          keyboardShouldPersistTaps="handled"
        >
          <View>
            <View
              style={
                {
                  "paddingLeft": 16,
                  "paddingRight": 16,
                }
              }
            >
              <View
                style={
                  {
                    "marginBottom": 32,
                    "marginTop": 32,
                  }
                }
              >
                <Text
                  style={
                    [
                      {
                        "color": "#F8F9FA",
                        "lineHeight": 28,
                      },
                      {
                        "fontFamily": "SourceSansPro-Regular",
                        "fontSize": 18,
                        "fontWeight": "normal",
                        "textAlign": "left",
                      },
                    ]
                  }
                >
                  We'd Love to Hear From You. Your feedback is what drives us to build a better service for you. Please contact us through the following form
                </Text>
              </View>
              <View
                style={
                  {
                    "marginBottom": 84,
                  }
                }
              >
                <View
                  style={
                    {
                      "marginBottom": 10,
                    }
                  }
                >
                  <View>
                    <Text
                      style={
                        [
                          {
                            "color": "#E9ECEF",
                            "lineHeight": 24,
                          },
                          {
                            "fontFamily": "SourceSansPro-SemiBold",
                            "fontSize": 16,
                            "fontWeight": "600",
                            "textAlign": "auto",
                          },
                        ]
                      }
                    >
                      Your name
                    </Text>
                    <View
                      style={
                        {
                          "marginBottom": 0,
                          "marginLeft": 0,
                          "marginRight": 0,
                          "marginTop": 0,
                          "paddingBottom": 8,
                          "paddingLeft": 0,
                          "paddingRight": 0,
                          "paddingTop": 8,
                        }
                      }
                    >
                      <View
                        pointerEvents="none"
                        style={
                          [
                            {
                              "bottom": 0,
                              "left": 0,
                              "position": "absolute",
                              "right": 0,
                              "top": 6,
                            },
                            {
                              "backgroundColor": "#16501D",
                              "borderColor": "#00000000",
                              "borderRadius": 10,
                              "borderWidth": 1,
                            },
                          ]
                        }
                        testID="text-input-outline"
                      />
                      <View>
                        <View
                          style={
                            [
                              {
                                "paddingBottom": 0,
                              },
                              {
                                "minHeight": 32,
                                "paddingTop": 8,
                              },
                            ]
                          }
                        >
                          <TextInput
                            editable={false}
                            maxFontSizeMultiplier={1.5}
                            multiline={false}
                            onBlur={[Function]}
                            onChangeText={[Function]}
                            onFocus={[Function]}
                            placeholderTextColor="#495057"
                            returnKeyType="next"
                            selectionColor="rgba(73, 80, 87, 0.54)"
                            style={
                              [
                                {
                                  "flexGrow": 1,
                                  "margin": 0,
                                  "paddingHorizontal": 14,
                                  "zIndex": 1,
                                },
                                {
                                  "height": 32,
                                },
                                {
                                  "paddingBottom": 8,
                                  "paddingTop": 8,
                                },
                                {
                                  "color": "rgba(73, 80, 87, 0.54)",
                                  "fontFamily": "SourceSansPro-Regular",
                                  "fontSize": 16,
                                  "fontVariant": undefined,
                                  "fontWeight": undefined,
                                  "lineHeight": 18,
                                  "paddingBottom": 0,
                                  "paddingLeft": 0,
                                  "paddingRight": 0,
                                  "paddingTop": 0,
                                  "textAlign": "left",
                                  "textAlignVertical": "center",
                                },
                                false,
                                {
                                  "marginLeft": 44,
                                  "paddingLeft": 0,
                                },
                              ]
                            }
                            underlineColorAndroid="transparent"
                          />
                        </View>
                        <View
                          style={
                            [
                              {
                                "alignItems": "center",
                                "height": 24,
                                "justifyContent": "center",
                                "position": "absolute",
                                "width": 24,
                              },
                              {
                                "left": 12,
                                "top": 7,
                              },
                            ]
                          }
                        >
                          <View
                            accessibilityRole="button"
                            accessibilityState={
                              {
                                "disabled": false,
                              }
                            }
                            accessibilityValue={
                              {
                                "max": undefined,
                                "min": undefined,
                                "now": undefined,
                                "text": undefined,
                              }
                            }
                            accessible={true}
                            focusable={true}
                            hitSlop={
                              {
                                "bottom": 6,
                                "left": 6,
                                "right": 6,
                                "top": 6,
                              }
                            }
                            onClick={[Function]}
                            onResponderGrant={[Function]}
                            onResponderMove={[Function]}
                            onResponderRelease={[Function]}
                            onResponderTerminate={[Function]}
                            onResponderTerminationRequest={[Function]}
                            onStartShouldSetResponder={[Function]}
                            style={
                              [
                                {
                                  "overflow": "hidden",
                                },
                                [
                                  {
                                    "alignItems": "center",
                                    "justifyContent": "center",
                                    "margin": 6,
                                    "overflow": "hidden",
                                  },
                                  {
                                    "borderRadius": 18,
                                    "height": 36,
                                    "width": 36,
                                  },
                                  undefined,
                                  {
                                    "marginTop": "50%",
                                  },
                                ],
                              ]
                            }
                          >
                            <View>
                              <SvgMock
                                fill="#495057"
                                height={20}
                                width={20}
                              />
                            </View>
                          </View>
                        </View>
                      </View>
                    </View>
                  </View>
                </View>
                <View
                  style={
                    {
                      "marginBottom": 10,
                    }
                  }
                >
                  <View>
                    <Text
                      style={
                        [
                          {
                            "color": "#E9ECEF",
                            "lineHeight": 24,
                          },
                          {
                            "fontFamily": "SourceSansPro-SemiBold",
                            "fontSize": 16,
                            "fontWeight": "600",
                            "textAlign": "auto",
                          },
                        ]
                      }
                    >
                      Your email
                    </Text>
                    <View
                      style={
                        {
                          "marginBottom": 0,
                          "marginLeft": 0,
                          "marginRight": 0,
                          "marginTop": 0,
                          "paddingBottom": 8,
                          "paddingLeft": 0,
                          "paddingRight": 0,
                          "paddingTop": 8,
                        }
                      }
                    >
                      <View
                        pointerEvents="none"
                        style={
                          [
                            {
                              "bottom": 0,
                              "left": 0,
                              "position": "absolute",
                              "right": 0,
                              "top": 6,
                            },
                            {
                              "backgroundColor": "#16501D",
                              "borderColor": "#00000000",
                              "borderRadius": 10,
                              "borderWidth": 1,
                            },
                          ]
                        }
                        testID="text-input-outline"
                      />
                      <View>
                        <View
                          style={
                            [
                              {
                                "paddingBottom": 0,
                              },
                              {
                                "minHeight": 32,
                                "paddingTop": 8,
                              },
                            ]
                          }
                        >
                          <TextInput
                            editable={false}
                            maxFontSizeMultiplier={1.5}
                            multiline={false}
                            onBlur={[Function]}
                            onChangeText={[Function]}
                            onFocus={[Function]}
                            placeholderTextColor="#495057"
                            returnKeyType="next"
                            selectionColor="rgba(73, 80, 87, 0.54)"
                            style={
                              [
                                {
                                  "flexGrow": 1,
                                  "margin": 0,
                                  "paddingHorizontal": 14,
                                  "zIndex": 1,
                                },
                                {
                                  "height": 32,
                                },
                                {
                                  "paddingBottom": 8,
                                  "paddingTop": 8,
                                },
                                {
                                  "color": "rgba(73, 80, 87, 0.54)",
                                  "fontFamily": "SourceSansPro-Regular",
                                  "fontSize": 16,
                                  "fontVariant": undefined,
                                  "fontWeight": undefined,
                                  "lineHeight": 18,
                                  "paddingBottom": 0,
                                  "paddingLeft": 0,
                                  "paddingRight": 0,
                                  "paddingTop": 0,
                                  "textAlign": "left",
                                  "textAlignVertical": "center",
                                },
                                false,
                                {
                                  "marginLeft": 44,
                                  "paddingLeft": 0,
                                },
                              ]
                            }
                            underlineColorAndroid="transparent"
                          />
                        </View>
                        <View
                          style={
                            [
                              {
                                "alignItems": "center",
                                "height": 24,
                                "justifyContent": "center",
                                "position": "absolute",
                                "width": 24,
                              },
                              {
                                "left": 12,
                                "top": 7,
                              },
                            ]
                          }
                        >
                          <View
                            accessibilityRole="button"
                            accessibilityState={
                              {
                                "disabled": false,
                              }
                            }
                            accessibilityValue={
                              {
                                "max": undefined,
                                "min": undefined,
                                "now": undefined,
                                "text": undefined,
                              }
                            }
                            accessible={true}
                            focusable={true}
                            hitSlop={
                              {
                                "bottom": 6,
                                "left": 6,
                                "right": 6,
                                "top": 6,
                              }
                            }
                            onClick={[Function]}
                            onResponderGrant={[Function]}
                            onResponderMove={[Function]}
                            onResponderRelease={[Function]}
                            onResponderTerminate={[Function]}
                            onResponderTerminationRequest={[Function]}
                            onStartShouldSetResponder={[Function]}
                            style={
                              [
                                {
                                  "overflow": "hidden",
                                },
                                [
                                  {
                                    "alignItems": "center",
                                    "justifyContent": "center",
                                    "margin": 6,
                                    "overflow": "hidden",
                                  },
                                  {
                                    "borderRadius": 18,
                                    "height": 36,
                                    "width": 36,
                                  },
                                  undefined,
                                  {
                                    "marginTop": "50%",
                                  },
                                ],
                              ]
                            }
                          >
                            <View>
                              <SvgMock
                                fill="#495057"
                                height={20}
                                width={20}
                              />
                            </View>
                          </View>
                        </View>
                      </View>
                    </View>
                  </View>
                </View>
                <View
                  style={
                    {
                      "marginBottom": 10,
                    }
                  }
                >
                  <View>
                    <Text
                      style={
                        [
                          {
                            "color": "#E9ECEF",
                            "lineHeight": 24,
                          },
                          {
                            "fontFamily": "SourceSansPro-SemiBold",
                            "fontSize": 16,
                            "fontWeight": "600",
                            "textAlign": "auto",
                          },
                        ]
                      }
                    >
                      Phone number(Optional)
                    </Text>
                    <View
                      style={
                        {
                          "marginBottom": 0,
                          "marginLeft": 0,
                          "marginRight": 0,
                          "marginTop": 0,
                          "paddingBottom": 8,
                          "paddingLeft": 0,
                          "paddingRight": 0,
                          "paddingTop": 8,
                        }
                      }
                    >
                      <View
                        pointerEvents="none"
                        style={
                          [
                            {
                              "bottom": 0,
                              "left": 0,
                              "position": "absolute",
                              "right": 0,
                              "top": 6,
                            },
                            {
                              "backgroundColor": "#16501D",
                              "borderColor": "#00000000",
                              "borderRadius": 10,
                              "borderWidth": 1,
                            },
                          ]
                        }
                        testID="text-input-outline"
                      />
                      <View>
                        <View
                          style={
                            [
                              {
                                "paddingBottom": 0,
                              },
                              {
                                "minHeight": 32,
                                "paddingTop": 8,
                              },
                            ]
                          }
                        >
                          <TextInput
                            editable={true}
                            keyboardType="phone-pad"
                            maxFontSizeMultiplier={1.5}
                            maxLength={15}
                            multiline={false}
                            onBlur={[Function]}
                            onChangeText={[Function]}
                            onFocus={[Function]}
                            onSubmitEditing={[Function]}
                            placeholderTextColor="#ADB5BD"
                            returnKeyType="next"
                            selectionColor="#6C757D"
                            style={
                              [
                                {
                                  "flexGrow": 1,
                                  "margin": 0,
                                  "paddingHorizontal": 14,
                                  "zIndex": 1,
                                },
                                {
                                  "height": 32,
                                },
                                {
                                  "paddingBottom": 8,
                                  "paddingTop": 8,
                                },
                                {
                                  "color": "#DEE2E6",
                                  "fontFamily": "SourceSansPro-Regular",
                                  "fontSize": 16,
                                  "fontVariant": undefined,
                                  "fontWeight": undefined,
                                  "lineHeight": 18,
                                  "paddingBottom": 0,
                                  "paddingLeft": 0,
                                  "paddingRight": 0,
                                  "paddingTop": 0,
                                  "textAlign": "left",
                                  "textAlignVertical": "center",
                                },
                                false,
                                {
                                  "marginLeft": 44,
                                  "paddingLeft": 0,
                                },
                              ]
                            }
                            underlineColorAndroid="transparent"
                            value="+1 "
                          />
                        </View>
                        <View
                          style={
                            [
                              {
                                "alignItems": "center",
                                "height": 24,
                                "justifyContent": "center",
                                "position": "absolute",
                                "width": 24,
                              },
                              {
                                "left": 12,
                                "top": 7,
                              },
                            ]
                          }
                        >
                          <View
                            accessibilityRole="button"
                            accessibilityState={
                              {
                                "disabled": false,
                              }
                            }
                            accessibilityValue={
                              {
                                "max": undefined,
                                "min": undefined,
                                "now": undefined,
                                "text": undefined,
                              }
                            }
                            accessible={true}
                            focusable={true}
                            hitSlop={
                              {
                                "bottom": 6,
                                "left": 6,
                                "right": 6,
                                "top": 6,
                              }
                            }
                            onClick={[Function]}
                            onResponderGrant={[Function]}
                            onResponderMove={[Function]}
                            onResponderRelease={[Function]}
                            onResponderTerminate={[Function]}
                            onResponderTerminationRequest={[Function]}
                            onStartShouldSetResponder={[Function]}
                            style={
                              [
                                {
                                  "overflow": "hidden",
                                },
                                [
                                  {
                                    "alignItems": "center",
                                    "justifyContent": "center",
                                    "margin": 6,
                                    "overflow": "hidden",
                                  },
                                  {
                                    "borderRadius": 18,
                                    "height": 36,
                                    "width": 36,
                                  },
                                  undefined,
                                  {
                                    "marginTop": "50%",
                                  },
                                ],
                              ]
                            }
                          >
                            <View>
                              <SvgMock
                                fill="#ADB5BD"
                                height={18}
                                width={18}
                              />
                            </View>
                          </View>
                        </View>
                      </View>
                    </View>
                  </View>
                </View>
                <View
                  style={
                    {
                      "marginBottom": 10,
                    }
                  }
                >
                  <View>
                    <Text
                      style={
                        [
                          {
                            "color": "#E9ECEF",
                            "lineHeight": 24,
                          },
                          {
                            "fontFamily": "SourceSansPro-SemiBold",
                            "fontSize": 16,
                            "fontWeight": "600",
                            "textAlign": "auto",
                          },
                        ]
                      }
                    >
                      Message
                    </Text>
                    <View
                      style={
                        {
                          "marginBottom": 0,
                          "marginLeft": 0,
                          "marginRight": 0,
                          "marginTop": 0,
                          "minHeight": 132,
                          "paddingBottom": 16,
                          "paddingLeft": 16,
                          "paddingRight": 16,
                          "paddingTop": 16,
                        }
                      }
                    >
                      <View
                        pointerEvents="none"
                        style={
                          [
                            {
                              "bottom": 0,
                              "left": 0,
                              "position": "absolute",
                              "right": 0,
                              "top": 6,
                            },
                            {
                              "backgroundColor": "#16501D",
                              "borderColor": "#00000000",
                              "borderRadius": 10,
                              "borderWidth": 1,
                            },
                          ]
                        }
                        testID="text-input-outline"
                      />
                      <View>
                        <View
                          style={
                            [
                              {
                                "paddingBottom": 0,
                              },
                              {
                                "minHeight": 64,
                                "paddingTop": 8,
                              },
                            ]
                          }
                        >
                          <TextInput
                            autoCapitalize="none"
                            editable={true}
                            maxFontSizeMultiplier={1.5}
                            maxLength={200}
                            multiline={true}
                            onBlur={[Function]}
                            onChangeText={[Function]}
                            onFocus={[Function]}
                            onSubmitEditing={[Function]}
                            placeholderTextColor="#ADB5BD"
                            returnKeyType="next"
                            selectionColor="#6C757D"
                            style={
                              [
                                {
                                  "flexGrow": 1,
                                  "margin": 0,
                                  "paddingHorizontal": 14,
                                  "zIndex": 1,
                                },
                                {},
                                {
                                  "paddingBottom": 18,
                                  "paddingTop": 18,
                                },
                                {
                                  "color": "#DEE2E6",
                                  "fontFamily": "SourceSansPro-Regular",
                                  "fontSize": 16,
                                  "fontVariant": undefined,
                                  "fontWeight": undefined,
                                  "lineHeight": 18,
                                  "paddingBottom": 0,
                                  "paddingLeft": 0,
                                  "paddingRight": 0,
                                  "paddingTop": 0,
                                  "textAlign": "left",
                                  "textAlignVertical": "top",
                                },
                                false,
                                [
                                  {},
                                ],
                              ]
                            }
                            underlineColorAndroid="transparent"
                          />
                        </View>
                      </View>
                    </View>
                  </View>
                </View>
              </View>
              <View
                style={
                  {
                    "marginBottom": 16,
                  }
                }
              >
                <View
                  style={
                    {
                      "flexDirection": "row",
                    }
                  }
                >
                  <View
                    collapsable={false}
                    onTouchEnd={[Function]}
                    onTouchStart={[Function]}
                    style={
                      {
                        "backgroundColor": "#A2FD2F",
                        "borderColor": "#00000000",
                        "borderRadius": 10,
                        "borderStyle": "solid",
                        "borderWidth": 1,
                        "elevation": 0,
                        "justifyContent": "center",
                        "minWidth": "auto",
                        "shadowColor": "#000",
                        "shadowOffset": {
                          "height": 0,
                          "width": 0,
                        },
                        "shadowOpacity": 0,
                        "shadowRadius": 0,
                        "width": "100%",
                      }
                    }
                  >
                    <View
                      accessibilityRole="button"
                      accessibilityState={
                        {
                          "disabled": false,
                        }
                      }
                      accessibilityValue={
                        {
                          "max": undefined,
                          "min": undefined,
                          "now": undefined,
                          "text": undefined,
                        }
                      }
                      accessible={true}
                      focusable={true}
                      onClick={[Function]}
                      onResponderGrant={[Function]}
                      onResponderMove={[Function]}
                      onResponderRelease={[Function]}
                      onResponderTerminate={[Function]}
                      onResponderTerminationRequest={[Function]}
                      onStartShouldSetResponder={[Function]}
                      style={
                        [
                          {
                            "overflow": "hidden",
                          },
                          {
                            "borderRadius": 10,
                          },
                        ]
                      }
                    >
                      <View
                        style={
                          [
                            {
                              "alignItems": "center",
                              "flexDirection": "row",
                              "justifyContent": "center",
                            },
                            {
                              "height": 48,
                            },
                          ]
                        }
                      >
                        <Text
                          numberOfLines={1}
                          selectable={false}
                          style={
                            [
                              {
                                "color": "#000000",
                                "fontFamily": "SourceSansPro-Regular",
                                "fontWeight": "normal",
                              },
                              {
                                "textAlign": "left",
                              },
                              [
                                {
                                  "letterSpacing": 1,
                                  "marginHorizontal": 16,
                                  "marginVertical": 9,
                                  "textAlign": "center",
                                },
                                {
                                  "marginHorizontal": 8,
                                },
                                {
                                  "textTransform": "uppercase",
                                },
                                {
                                  "color": "#6200ee",
                                  "fontFamily": "SourceSansPro-SemiBold",
                                  "fontWeight": "normal",
                                },
                                {
                                  "fontFamily": "SourceSansPro-SemiBold",
                                  "fontWeight": "normal",
                                },
                                {
                                  "color": "#283E36",
                                },
                              ],
                            ]
                          }
                        >
                          <Text
                            style={
                              [
                                {
                                  "color": "#283E36",
                                  "lineHeight": 28,
                                },
                                {
                                  "fontFamily": "SourceSansPro-SemiBold",
                                  "fontSize": 18,
                                  "fontWeight": "bold",
                                  "textAlign": "center",
                                },
                              ]
                            }
                          >
                            submit
                          </Text>
                        </Text>
                      </View>
                    </View>
                  </View>
                </View>
              </View>
            </View>
          </View>
        </RCTScrollView>
      </View>
    </RCTSafeAreaView>
  </BVLinearGradient>
</View>
`;
