// Jest Snapshot v1, https://goo.gl/fbAQLP

exports[`GradientBackground Component should render GradientBackground correctly 1`] = `
<BVLinearGradient
  colors={
    [
      4279917603,
      4278984207,
      4278650631,
    ]
  }
  endPoint={
    {
      "x": 0.5,
      "y": 1,
    }
  }
  locations={null}
  startPoint={
    {
      "x": 0.5,
      "y": 0,
    }
  }
  style={
    {
      "flexBasis": "0%",
      "flexGrow": 1,
      "flexShrink": 1,
      "position": "relative",
    }
  }
  testID="GradientBackgroundTestID"
>
  <Image
    resizeMode="repeat"
    source={
      {
        "testUri": "../../../src/assets/images/GrassBg.jpeg",
      }
    }
    style={
      {
        "opacity": 0.1,
      }
    }
  />
  <RCTSafeAreaView
    style={
      {
        "position": "absolute",
      }
    }
  />
</BVLinearGradient>
`;
