// Jest Snapshot v1, https://goo.gl/fbAQLP

exports[`BaseUploadScreen Component should render BaseUploadScreen component correctly 1`] = `
<View
  collapsable={false}
  pointerEvents="box-none"
  style={
    {
      "flex": 1,
    }
  }
>
  <View
    accessibilityIgnoresInvertColors={true}
    style={
      {
        "backgroundColor": "#212529",
        "height": "100%",
        "paddingTop": 50,
      }
    }
  >
    <Image
      style={
        [
          {
            "bottom": 0,
            "left": 0,
            "position": "absolute",
            "right": 0,
            "top": 0,
          },
          {
            "height": "100%",
            "width": undefined,
          },
          undefined,
        ]
      }
      testID="BaseUploadScreenTestID"
    />
    <RCTSafeAreaView
      style={
        {
          "height": "100%",
          "paddingTop": 50,
        }
      }
    >
      <RCTScrollView
        contentContainerStyle={
          {
            "flexGrow": 1,
          }
        }
      >
        <View />
      </RCTScrollView>
    </RCTSafeAreaView>
  </View>
</View>
`;
