// Jest Snapshot v1, https://goo.gl/fbAQLP

exports[`VideoCountCard Component should render Component correctly should render correctly with {"backgroundColor":"#283E36","countTextColor":"#FFF2ED","descriptionTextColor":"#E9FFCD"} 1`] = `
<View
  style={
    {
      "alignItems": "center",
      "backgroundColor": "#283E36",
      "borderRadius": 10,
      "flexBasis": "0%",
      "flexDirection": "row",
      "flexGrow": 1,
      "flexShrink": 1,
      "justifyContent": "flex-start",
    }
  }
>
  <View
    style={
      {
        "marginLeft": 10,
        "marginRight": 16,
      }
    }
  >
    <Text
      style={
        [
          {
            "color": "#FFF2ED",
            "lineHeight": 64,
          },
          {
            "fontFamily": "SourceSansPro-Regular",
            "fontSize": 48,
            "fontWeight": "bold",
            "textAlign": "center",
          },
        ]
      }
    >
      24
    </Text>
  </View>
  <Text
    style={
      [
        {
          "color": "#E9FFCD",
          "lineHeight": 24,
        },
        {
          "fontFamily": "SourceSansPro-Regular",
          "fontSize": 16,
          "fontWeight": "normal",
          "textAlign": "left",
        },
      ]
    }
  >
    random description
  </Text>
</View>
`;

exports[`VideoCountCard Component should render Component correctly should render correctly with {"backgroundColor":"#283E36","countTextColor":"#FFF2ED","descriptionTextColor":"#E9FFCD"} 2`] = `
<View
  style={
    {
      "alignItems": "center",
      "backgroundColor": "#283E36",
      "borderRadius": 10,
      "flexBasis": "0%",
      "flexDirection": "row",
      "flexGrow": 1,
      "flexShrink": 1,
      "justifyContent": "flex-start",
    }
  }
>
  <View
    style={
      {
        "marginLeft": 10,
        "marginRight": 16,
      }
    }
  >
    <Text
      style={
        [
          {
            "color": "#FFF2ED",
            "lineHeight": 64,
          },
          {
            "fontFamily": "SourceSansPro-Regular",
            "fontSize": 48,
            "fontWeight": "bold",
            "textAlign": "center",
          },
        ]
      }
    >
      24
    </Text>
  </View>
  <Text
    style={
      [
        {
          "color": "#E9FFCD",
          "lineHeight": 24,
        },
        {
          "fontFamily": "SourceSansPro-Regular",
          "fontSize": 16,
          "fontWeight": "normal",
          "textAlign": "left",
        },
      ]
    }
  >
    random description
  </Text>
</View>
`;
