// Jest Snapshot v1, https://goo.gl/fbAQLP

exports[`How to shoot step three Should render How to shoot step three correctly 1`] = `
<View>
  <Text
    style={
      [
        {
          "color": "#C0DBBF",
          "lineHeight": 28,
        },
        {
          "fontFamily": "SourceSansPro-SemiBold",
          "fontSize": 18,
          "fontWeight": "bold",
          "textAlign": "auto",
        },
      ]
    }
  >
    Face-On/Tripod Instructions

  </Text>
  <Text
    style={
      [
        {
          "color": "#FFFFFF",
          "lineHeight": 28,
        },
        {
          "fontFamily": "SourceSansPro-Regular",
          "fontSize": 18,
          "fontWeight": "normal",
          "textAlign": "auto",
        },
      ]
    }
  >
    Take 3 paces/9 ft from the ball, directly in front of the golfer.

  </Text>
  <View
    style={
      [
        {
          "overflow": "hidden",
        },
        {
          "borderColor": "#FFFFFF",
          "borderWidth": 4,
          "height": 206,
          "width": "100%",
        },
      ]
    }
  >
    <FastImageView
      defaultSource={null}
      resizeMode="cover"
      source={
        {
          "cache": "immutable",
          "priority": "high",
          "uri": "https://thumbnails.dev.swingzen.com/gifs/faceon.gif",
        }
      }
      style={
        {
          "bottom": 0,
          "left": 0,
          "position": "absolute",
          "right": 0,
          "top": 0,
        }
      }
    />
  </View>
  <Text
    style={
      [
        {
          "color": "#FFFFFF",
          "lineHeight": 28,
        },
        {
          "fontFamily": "SourceSansPro-Regular",
          "fontSize": 18,
          "fontWeight": "normal",
          "textAlign": "auto",
        },
      ]
    }
  >
    
Set your tripod 4-5 feet high.

  </Text>
  <View
    style={
      [
        {
          "overflow": "hidden",
        },
        {
          "borderColor": "#FFFFFF",
          "borderWidth": 4,
          "height": 206,
          "width": "100%",
        },
      ]
    }
  >
    <FastImageView
      defaultSource={null}
      resizeMode="cover"
      source={
        {
          "cache": "immutable",
          "priority": "high",
          "uri": "https://thumbnails.dev.swingzen.com/gifs/tripodheight.gif",
        }
      }
      style={
        {
          "bottom": 0,
          "left": 0,
          "position": "absolute",
          "right": 0,
          "top": 0,
        }
      }
    />
  </View>
  <Text
    style={
      [
        {
          "color": "#FFFFFF",
          "lineHeight": 28,
        },
        {
          "fontFamily": "SourceSansPro-Regular",
          "fontSize": 18,
          "fontWeight": "normal",
          "textAlign": "auto",
        },
      ]
    }
  >
    
Position your phone in landscape mode.

  </Text>
  <View
    style={
      [
        {
          "overflow": "hidden",
        },
        {
          "borderColor": "#FFFFFF",
          "borderWidth": 4,
          "height": 206,
          "width": "100%",
        },
      ]
    }
  >
    <FastImageView
      defaultSource={null}
      resizeMode="cover"
      source={
        {
          "cache": "immutable",
          "priority": "high",
          "uri": "https://thumbnails.dev.swingzen.com/gifs/Landscape.gif",
        }
      }
      style={
        {
          "bottom": 0,
          "left": 0,
          "position": "absolute",
          "right": 0,
          "top": 0,
        }
      }
    />
  </View>
</View>
`;
