// Jest Snapshot v1, https://goo.gl/fbAQLP

exports[`UTAInfoNine Screen should render UTAInfoNine Screen correctly 1`] = `
<BVLinearGradient
  colors={
    [
      4279917603,
      4278984207,
      4278650631,
    ]
  }
  endPoint={
    {
      "x": 0.5,
      "y": 1,
    }
  }
  locations={null}
  startPoint={
    {
      "x": 0.5,
      "y": 0,
    }
  }
  style={
    {
      "flexBasis": "0%",
      "flexGrow": 1,
      "flexShrink": 1,
      "position": "relative",
    }
  }
>
  <Image
    resizeMode="cover"
    source={
      {
        "testUri": "../../../src/assets/images/grassBackground.jpg",
      }
    }
    style={
      {
        "opacity": 0.1,
        "position": "absolute",
      }
    }
  />
  <RCTSafeAreaView
    style={
      {
        "height": "100%",
        "paddingTop": 50,
      }
    }
  >
    <View
      onLayout={[Function]}
      style={
        [
          {
            "flexBasis": "0%",
            "flexGrow": 1,
            "flexShrink": 1,
          },
          {
            "paddingBottom": 0,
          },
        ]
      }
    >
      <RCTScrollView
        contentContainerStyle={
          {
            "flexGrow": 1,
          }
        }
        keyboardShouldPersistTaps="handled"
      >
        <View>
          <View
            style={
              {
                "marginLeft": 16,
                "marginRight": 16,
                "marginTop": 32,
              }
            }
            testID="UTAInfoNineScreenTestID"
          >
            <Text
              style={
                [
                  {
                    "color": "#FFFFFF",
                    "lineHeight": 28,
                  },
                  {
                    "fontFamily": "SourceSansPro-Regular",
                    "fontSize": 18,
                    "fontWeight": "normal",
                    "textAlign": "auto",
                  },
                ]
              }
            >
              Face On perspective is where you will receive swing data such as swing speed, ball speed, smash factor and launch angle.
          
Smash factor is a formula that combines ball speed and swing speed. This calculation shows the effectiveness of your ball impact. The higher ball speed compared to swing speed, the higher the smash factor.1.5 is the goal.
            </Text>
          </View>
        </View>
      </RCTScrollView>
    </View>
  </RCTSafeAreaView>
</BVLinearGradient>
`;
