// Jest Snapshot v1, https://goo.gl/fbAQLP

exports[`Home screen should render Home screen correctly 1`] = `
<View
  collapsable={false}
  pointerEvents="box-none"
  style={
    {
      "flex": 1,
    }
  }
>
  <BVLinearGradient
    colors={
      [
        4279917603,
        4278984207,
        4278650631,
      ]
    }
    endPoint={
      {
        "x": 0.5,
        "y": 1,
      }
    }
    locations={null}
    startPoint={
      {
        "x": 0.5,
        "y": 0,
      }
    }
    style={
      {
        "flexBasis": "0%",
        "flexGrow": 1,
        "flexShrink": 1,
        "position": "relative",
      }
    }
  >
    <Image
      resizeMode="cover"
      source={
        {
          "testUri": "../../../src/assets/images/grassBackground.jpg",
        }
      }
      style={
        {
          "opacity": 0.1,
          "position": "absolute",
        }
      }
    />
    <RCTSafeAreaView
      style={
        {
          "height": "100%",
          "paddingTop": 50,
        }
      }
    >
      <View
        onLayout={[Function]}
        style={
          [
            {
              "flexBasis": "0%",
              "flexGrow": 1,
              "flexShrink": 1,
            },
            {
              "paddingBottom": 0,
            },
          ]
        }
      >
        <RCTScrollView
          contentContainerStyle={
            {
              "flexGrow": 1,
            }
          }
          keyboardShouldPersistTaps="handled"
        >
          <View>
            <View
              style={
                {
                  "marginBottom": "auto",
                  "marginLeft": "auto",
                  "marginRight": "auto",
                  "marginTop": "auto",
                }
              }
            >
              <View
                accessibilityRole="progressbar"
                accessibilityState={
                  {
                    "busy": true,
                  }
                }
                accessible={true}
                style={
                  [
                    {
                      "alignItems": "center",
                      "justifyContent": "center",
                    },
                    undefined,
                  ]
                }
              >
                <View
                  collapsable={false}
                  style={
                    {
                      "height": 48,
                      "opacity": 1,
                      "width": 48,
                    }
                  }
                >
                  <View
                    collapsable={false}
                    style={
                      {
                        "alignItems": "center",
                        "bottom": 0,
                        "justifyContent": "center",
                        "left": 0,
                        "position": "absolute",
                        "right": 0,
                        "top": 0,
                      }
                    }
                  >
                    <View
                      collapsable={false}
                      style={
                        {
                          "height": 48,
                          "transform": [
                            {
                              "rotate": "45deg",
                            },
                          ],
                          "width": 48,
                        }
                      }
                    >
                      <View
                        collapsable={false}
                        style={
                          {
                            "height": 24,
                            "overflow": "hidden",
                            "width": 48,
                          }
                        }
                      >
                        <View
                          collapsable={false}
                          style={
                            {
                              "height": 48,
                              "transform": [
                                {
                                  "translateY": 0,
                                },
                                {
                                  "rotate": "-165deg",
                                },
                              ],
                              "width": 48,
                            }
                          }
                        >
                          <View
                            collapsable={false}
                            style={
                              {
                                "height": 24,
                                "overflow": "hidden",
                                "width": 48,
                              }
                            }
                          >
                            <View
                              collapsable={false}
                              style={
                                {
                                  "borderColor": "#7DC32C",
                                  "borderRadius": 24,
                                  "borderWidth": 4.8,
                                  "height": 48,
                                  "width": 48,
                                }
                              }
                            />
                          </View>
                        </View>
                      </View>
                    </View>
                  </View>
                  <View
                    collapsable={false}
                    style={
                      {
                        "alignItems": "center",
                        "bottom": 0,
                        "justifyContent": "center",
                        "left": 0,
                        "position": "absolute",
                        "right": 0,
                        "top": 0,
                      }
                    }
                  >
                    <View
                      collapsable={false}
                      style={
                        {
                          "height": 48,
                          "transform": [
                            {
                              "rotate": "45deg",
                            },
                          ],
                          "width": 48,
                        }
                      }
                    >
                      <View
                        collapsable={false}
                        style={
                          {
                            "height": 24,
                            "overflow": "hidden",
                            "top": 24,
                            "width": 48,
                          }
                        }
                      >
                        <View
                          collapsable={false}
                          style={
                            {
                              "height": 48,
                              "transform": [
                                {
                                  "translateY": -24,
                                },
                                {
                                  "rotate": "345deg",
                                },
                              ],
                              "width": 48,
                            }
                          }
                        >
                          <View
                            collapsable={false}
                            style={
                              {
                                "height": 24,
                                "overflow": "hidden",
                                "width": 48,
                              }
                            }
                          >
                            <View
                              collapsable={false}
                              style={
                                {
                                  "borderColor": "#7DC32C",
                                  "borderRadius": 24,
                                  "borderWidth": 4.8,
                                  "height": 48,
                                  "width": 48,
                                }
                              }
                            />
                          </View>
                        </View>
                      </View>
                    </View>
                  </View>
                </View>
              </View>
            </View>
          </View>
        </RCTScrollView>
      </View>
    </RCTSafeAreaView>
  </BVLinearGradient>
</View>
`;
