// Jest Snapshot v1, https://goo.gl/fbAQLP

exports[`FAQ screen should render FAQ Screen correctly 1`] = `
<BVLinearGradient
  colors={
    [
      4279917603,
      4278984207,
      4278650631,
    ]
  }
  endPoint={
    {
      "x": 0.5,
      "y": 1,
    }
  }
  locations={null}
  startPoint={
    {
      "x": 0.5,
      "y": 0,
    }
  }
  style={
    {
      "flexBasis": "0%",
      "flexGrow": 1,
      "flexShrink": 1,
      "position": "relative",
    }
  }
>
  <Image
    resizeMode="cover"
    source={
      {
        "testUri": "../../../src/assets/images/grassBackground.jpg",
      }
    }
    style={
      {
        "opacity": 0.1,
        "position": "absolute",
      }
    }
  />
  <RCTSafeAreaView
    style={
      {
        "height": "100%",
        "paddingTop": 50,
      }
    }
  >
    <View
      onLayout={[Function]}
      style={
        [
          {
            "flexBasis": "0%",
            "flexGrow": 1,
            "flexShrink": 1,
          },
          {
            "paddingBottom": 0,
          },
        ]
      }
    >
      <View
        style={
          {
            "backgroundColor": "#07070775",
            "borderRadius": 10,
            "marginBottom": 16,
            "marginLeft": 16,
            "marginRight": 16,
            "marginTop": 16,
            "paddingBottom": 16,
            "paddingLeft": 16,
            "paddingRight": 16,
            "paddingTop": 16,
          }
        }
        testID="FAQScreenTestID"
      >
        <ActivityIndicator
          size="large"
        />
      </View>
    </View>
  </RCTSafeAreaView>
</BVLinearGradient>
`;
