// Jest Snapshot v1, https://goo.gl/fbAQLP

exports[`BaseAnalysis Screen should render BaseAnalysis Screen correctly 1`] = `
<View
  collapsable={false}
  pointerEvents="box-none"
  style={
    {
      "flex": 1,
    }
  }
>
  <RCTSafeAreaView
    style={
      {
        "backgroundColor": "#212529",
        "height": "100%",
        "paddingTop": 50,
      }
    }
    testID="BaseAnalysisScreenTestID"
  >
    <RCTScrollView
      contentContainerStyle={
        {
          "flexGrow": 1,
        }
      }
    >
      <View />
    </RCTScrollView>
  </RCTSafeAreaView>
</View>
`;
